------------------------------------------------------------
Timing Analyzer Summary
------------------------------------------------------------

Type  : Slow 1100mV 85C Model Setup 'clk'
Slack : -39.381
TNS   : -30068.878

Type  : Slow 1100mV 85C Model Hold 'clk'
Slack : 0.287
TNS   : 0.000

Type  : Slow 1100mV 85C Model Minimum Pulse Width 'clk'
Slack : -3.545
TNS   : -4260.352

Type  : Slow 1100mV 0C Model Setup 'clk'
Slack : -39.636
TNS   : -29697.484

Type  : Slow 1100mV 0C Model Hold 'clk'
Slack : 0.285
TNS   : 0.000

Type  : Slow 1100mV 0C Model Minimum Pulse Width 'clk'
Slack : -3.545
TNS   : -4259.299

Type  : Fast 1100mV 85C Model Setup 'clk'
Slack : -16.916
TNS   : -12070.052

Type  : Fast 1100mV 85C Model Hold 'clk'
Slack : 0.129
TNS   : 0.000

Type  : Fast 1100mV 85C Model Minimum Pulse Width 'clk'
Slack : -1.702
TNS   : -874.567

Type  : Fast 1100mV 0C Model Setup 'clk'
Slack : -15.117
TNS   : -10588.691

Type  : Fast 1100mV 0C Model Hold 'clk'
Slack : 0.118
TNS   : 0.000

Type  : Fast 1100mV 0C Model Minimum Pulse Width 'clk'
Slack : -1.702
TNS   : -880.143

------------------------------------------------------------
